1:[2025-08-31 00:28:43,319] torch.distributed.run: [WARNING] 
2:[2025-08-31 00:28:43,319] torch.distributed.run: [WARNING] *****************************************
3:[2025-08-31 00:28:43,319] torch.distributed.run: [WARNING] Setting OMP_NUM_THREADS environment variable for each process to be 1 in default, to avoid your system being overloaded, please further tune the variable for optimal performance in your application as needed. 
4:[2025-08-31 00:28:43,319] torch.distributed.run: [WARNING] *****************************************
1593:osilab6:3565058:3565058 [0] NCCL INFO Bootstrap : Using enp194s0f0:143.248.157.69<0>
1594:osilab6:3565058:3565058 [0] NCCL INFO NET/Plugin : Plugin load (libnccl-net.so) returned 2 : libnccl-net.so: cannot open shared object file: No such file or directory
1595:osilab6:3565058:3565058 [0] NCCL INFO NET/Plugin : No plugin found, using internal implementation
1596:osilab6:3565058:3565058 [0] NCCL INFO cudaDriverVersion 12020
1597:NCCL version 2.18.6+cuda12.1
1598:osilab6:3565061:3565061 [3] NCCL INFO cudaDriverVersion 12020
1599:osilab6:3565061:3565061 [3] NCCL INFO Bootstrap : Using enp194s0f0:143.248.157.69<0>
1600:osilab6:3565061:3565061 [3] NCCL INFO NET/Plugin : Plugin load (libnccl-net.so) returned 2 : libnccl-net.so: cannot open shared object file: No such file or directory
1601:osilab6:3565061:3565061 [3] NCCL INFO NET/Plugin : No plugin found, using internal implementation
1602:osilab6:3565059:3565059 [1] NCCL INFO cudaDriverVersion 12020
1603:osilab6:3565059:3565059 [1] NCCL INFO Bootstrap : Using enp194s0f0:143.248.157.69<0>
1604:osilab6:3565059:3565059 [1] NCCL INFO NET/Plugin : Plugin load (libnccl-net.so) returned 2 : libnccl-net.so: cannot open shared object file: No such file or directory
1605:osilab6:3565059:3565059 [1] NCCL INFO NET/Plugin : No plugin found, using internal implementation
1606:osilab6:3565060:3565060 [2] NCCL INFO cudaDriverVersion 12020
1607:osilab6:3565060:3565060 [2] NCCL INFO Bootstrap : Using enp194s0f0:143.248.157.69<0>
1608:osilab6:3565060:3565060 [2] NCCL INFO NET/Plugin : Plugin load (libnccl-net.so) returned 2 : libnccl-net.so: cannot open shared object file: No such file or directory
1609:osilab6:3565060:3565060 [2] NCCL INFO NET/Plugin : No plugin found, using internal implementation
1610:osilab6:3565058:3570182 [0] NCCL INFO NET/IB : No device found.
1611:osilab6:3565058:3570182 [0] NCCL INFO NET/Socket : Using [0]enp194s0f0:143.248.157.69<0> [1]br-baacb8116f62:172.18.0.1<0> [2]veth7c41e46:fe80::786b:4dff:fe5c:cb8a%veth7c41e46<0> [3]veth0930612:fe80::a0bd:dcff:fedf:53df%veth0930612<0> [4]veth840722f:fe80::f86e:3eff:fe53:c33f%veth840722f<0>
1612:osilab6:3565058:3570182 [0] NCCL INFO Using network Socket
1613:osilab6:3565059:3570183 [1] NCCL INFO NET/IB : No device found.
1614:osilab6:3565059:3570183 [1] NCCL INFO NET/Socket : Using [0]enp194s0f0:143.248.157.69<0> [1]br-baacb8116f62:172.18.0.1<0> [2]veth7c41e46:fe80::786b:4dff:fe5c:cb8a%veth7c41e46<0> [3]veth0930612:fe80::a0bd:dcff:fedf:53df%veth0930612<0> [4]veth840722f:fe80::f86e:3eff:fe53:c33f%veth840722f<0>
1615:osilab6:3565059:3570183 [1] NCCL INFO Using network Socket
1616:osilab6:3565060:3570184 [2] NCCL INFO NET/IB : No device found.
1617:osilab6:3565060:3570184 [2] NCCL INFO NET/Socket : Using [0]enp194s0f0:143.248.157.69<0> [1]br-baacb8116f62:172.18.0.1<0> [2]veth7c41e46:fe80::786b:4dff:fe5c:cb8a%veth7c41e46<0> [3]veth0930612:fe80::a0bd:dcff:fedf:53df%veth0930612<0> [4]veth840722f:fe80::f86e:3eff:fe53:c33f%veth840722f<0>
1618:osilab6:3565060:3570184 [2] NCCL INFO Using network Socket
1619:osilab6:3565061:3570181 [3] NCCL INFO NET/IB : No device found.
1620:osilab6:3565061:3570181 [3] NCCL INFO NET/Socket : Using [0]enp194s0f0:143.248.157.69<0> [1]br-baacb8116f62:172.18.0.1<0> [2]veth7c41e46:fe80::786b:4dff:fe5c:cb8a%veth7c41e46<0> [3]veth0930612:fe80::a0bd:dcff:fedf:53df%veth0930612<0> [4]veth840722f:fe80::f86e:3eff:fe53:c33f%veth840722f<0>
1621:osilab6:3565061:3570181 [3] NCCL INFO Using network Socket
1622:osilab6:3565061:3570181 [3] NCCL INFO comm 0x531fedb0 rank 3 nranks 4 cudaDev 3 nvmlDev 7 busId e1000 commId 0x8c4293590bd521c7 - Init START
1623:osilab6:3565060:3570184 [2] NCCL INFO comm 0x71e1efe0 rank 2 nranks 4 cudaDev 2 nvmlDev 6 busId c1000 commId 0x8c4293590bd521c7 - Init START
1624:osilab6:3565059:3570183 [1] NCCL INFO comm 0x45041780 rank 1 nranks 4 cudaDev 1 nvmlDev 5 busId a1000 commId 0x8c4293590bd521c7 - Init START
1625:osilab6:3565058:3570182 [0] NCCL INFO comm 0x70515d80 rank 0 nranks 4 cudaDev 0 nvmlDev 4 busId 81000 commId 0x8c4293590bd521c7 - Init START
1626:osilab6:3565061:3570181 [3] NCCL INFO Setting affinity for GPU 7 to ffffffff,00000000,ffffffff,00000000
1627:osilab6:3565061:3570181 [3] NCCL INFO NVLS multicast support is not available on dev 3
1628:osilab6:3565059:3570183 [1] NCCL INFO Setting affinity for GPU 5 to ffffffff,00000000,ffffffff,00000000
1629:osilab6:3565059:3570183 [1] NCCL INFO NVLS multicast support is not available on dev 1
1630:osilab6:3565058:3570182 [0] NCCL INFO Setting affinity for GPU 4 to ffffffff,00000000,ffffffff,00000000
1631:osilab6:3565058:3570182 [0] NCCL INFO NVLS multicast support is not available on dev 0
1632:osilab6:3565060:3570184 [2] NCCL INFO Setting affinity for GPU 6 to ffffffff,00000000,ffffffff,00000000
1633:osilab6:3565060:3570184 [2] NCCL INFO NVLS multicast support is not available on dev 2
1634:osilab6:3565059:3570183 [1] NCCL INFO Trees [0] 2/-1/-1->1->0 [1] 2/-1/-1->1->0 [2] 2/-1/-1->1->0 [3] 2/-1/-1->1->0
1635:osilab6:3565058:3570182 [0] NCCL INFO Channel 00/04 :    0   1   2   3
1636:osilab6:3565058:3570182 [0] NCCL INFO Channel 01/04 :    0   1   2   3
1637:osilab6:3565058:3570182 [0] NCCL INFO Channel 02/04 :    0   1   2   3
1638:osilab6:3565059:3570183 [1] NCCL INFO P2P Chunksize set to 131072
1639:osilab6:3565058:3570182 [0] NCCL INFO Channel 03/04 :    0   1   2   3
1640:osilab6:3565060:3570184 [2] NCCL INFO Trees [0] 3/-1/-1->2->1 [1] 3/-1/-1->2->1 [2] 3/-1/-1->2->1 [3] 3/-1/-1->2->1
1641:osilab6:3565058:3570182 [0] NCCL INFO Trees [0] 1/-1/-1->0->-1 [1] 1/-1/-1->0->-1 [2] 1/-1/-1->0->-1 [3] 1/-1/-1->0->-1
1642:osilab6:3565058:3570182 [0] NCCL INFO P2P Chunksize set to 131072
1643:osilab6:3565060:3570184 [2] NCCL INFO P2P Chunksize set to 131072
1644:osilab6:3565061:3570181 [3] NCCL INFO Trees [0] -1/-1/-1->3->2 [1] -1/-1/-1->3->2 [2] -1/-1/-1->3->2 [3] -1/-1/-1->3->2
1645:osilab6:3565061:3570181 [3] NCCL INFO P2P Chunksize set to 131072
1646:osilab6:3565058:3570182 [0] NCCL INFO Channel 00/0 : 0[4] -> 1[5] via P2P/IPC
1647:osilab6:3565059:3570183 [1] NCCL INFO Channel 00/0 : 1[5] -> 2[6] via P2P/IPC
1648:osilab6:3565058:3570182 [0] NCCL INFO Channel 01/0 : 0[4] -> 1[5] via P2P/IPC
1649:osilab6:3565059:3570183 [1] NCCL INFO Channel 01/0 : 1[5] -> 2[6] via P2P/IPC
1650:osilab6:3565061:3570181 [3] NCCL INFO Channel 00/0 : 3[7] -> 0[4] via P2P/IPC
1651:osilab6:3565060:3570184 [2] NCCL INFO Channel 00/0 : 2[6] -> 3[7] via P2P/IPC
1652:osilab6:3565058:3570182 [0] NCCL INFO Channel 02/0 : 0[4] -> 1[5] via P2P/IPC
1653:osilab6:3565059:3570183 [1] NCCL INFO Channel 02/0 : 1[5] -> 2[6] via P2P/IPC
1654:osilab6:3565058:3570182 [0] NCCL INFO Channel 03/0 : 0[4] -> 1[5] via P2P/IPC
1655:osilab6:3565061:3570181 [3] NCCL INFO Channel 01/0 : 3[7] -> 0[4] via P2P/IPC
1656:osilab6:3565059:3570183 [1] NCCL INFO Channel 03/0 : 1[5] -> 2[6] via P2P/IPC
1657:osilab6:3565060:3570184 [2] NCCL INFO Channel 01/0 : 2[6] -> 3[7] via P2P/IPC
1658:osilab6:3565061:3570181 [3] NCCL INFO Channel 02/0 : 3[7] -> 0[4] via P2P/IPC
1659:osilab6:3565060:3570184 [2] NCCL INFO Channel 02/0 : 2[6] -> 3[7] via P2P/IPC
1660:osilab6:3565061:3570181 [3] NCCL INFO Channel 03/0 : 3[7] -> 0[4] via P2P/IPC
1661:osilab6:3565060:3570184 [2] NCCL INFO Channel 03/0 : 2[6] -> 3[7] via P2P/IPC
1662:osilab6:3565058:3570182 [0] NCCL INFO Connected all rings
1663:osilab6:3565059:3570183 [1] NCCL INFO Connected all rings
1664:osilab6:3565061:3570181 [3] NCCL INFO Connected all rings
1665:osilab6:3565061:3570181 [3] NCCL INFO Channel 00/0 : 3[7] -> 2[6] via P2P/IPC
1666:osilab6:3565060:3570184 [2] NCCL INFO Connected all rings
1667:osilab6:3565061:3570181 [3] NCCL INFO Channel 01/0 : 3[7] -> 2[6] via P2P/IPC
1668:osilab6:3565061:3570181 [3] NCCL INFO Channel 02/0 : 3[7] -> 2[6] via P2P/IPC
1669:osilab6:3565061:3570181 [3] NCCL INFO Channel 03/0 : 3[7] -> 2[6] via P2P/IPC
1670:osilab6:3565059:3570183 [1] NCCL INFO Channel 00/0 : 1[5] -> 0[4] via P2P/IPC
1671:osilab6:3565059:3570183 [1] NCCL INFO Channel 01/0 : 1[5] -> 0[4] via P2P/IPC
1672:osilab6:3565060:3570184 [2] NCCL INFO Channel 00/0 : 2[6] -> 1[5] via P2P/IPC
1673:osilab6:3565059:3570183 [1] NCCL INFO Channel 02/0 : 1[5] -> 0[4] via P2P/IPC
1674:osilab6:3565060:3570184 [2] NCCL INFO Channel 01/0 : 2[6] -> 1[5] via P2P/IPC
1675:osilab6:3565059:3570183 [1] NCCL INFO Channel 03/0 : 1[5] -> 0[4] via P2P/IPC
1676:osilab6:3565060:3570184 [2] NCCL INFO Channel 02/0 : 2[6] -> 1[5] via P2P/IPC
1677:osilab6:3565060:3570184 [2] NCCL INFO Channel 03/0 : 2[6] -> 1[5] via P2P/IPC
1678:osilab6:3565058:3570182 [0] NCCL INFO Connected all trees
1679:osilab6:3565058:3570182 [0] NCCL INFO threadThresholds 8/8/64 | 32/8/64 | 512 | 512
1680:osilab6:3565058:3570182 [0] NCCL INFO 4 coll channels, 0 nvls channels, 4 p2p channels, 2 p2p channels per peer
1681:osilab6:3565061:3570181 [3] NCCL INFO Connected all trees
1682:osilab6:3565061:3570181 [3] NCCL INFO threadThresholds 8/8/64 | 32/8/64 | 512 | 512
1683:osilab6:3565061:3570181 [3] NCCL INFO 4 coll channels, 0 nvls channels, 4 p2p channels, 2 p2p channels per peer
1684:osilab6:3565059:3570183 [1] NCCL INFO Connected all trees
1685:osilab6:3565059:3570183 [1] NCCL INFO threadThresholds 8/8/64 | 32/8/64 | 512 | 512
1686:osilab6:3565059:3570183 [1] NCCL INFO 4 coll channels, 0 nvls channels, 4 p2p channels, 2 p2p channels per peer
1687:osilab6:3565060:3570184 [2] NCCL INFO Connected all trees
1688:osilab6:3565060:3570184 [2] NCCL INFO threadThresholds 8/8/64 | 32/8/64 | 512 | 512
1689:osilab6:3565060:3570184 [2] NCCL INFO 4 coll channels, 0 nvls channels, 4 p2p channels, 2 p2p channels per peer
1690:osilab6:3565058:3570182 [0] NCCL INFO comm 0x70515d80 rank 0 nranks 4 cudaDev 0 nvmlDev 4 busId 81000 commId 0x8c4293590bd521c7 - Init COMPLETE
1691:osilab6:3565059:3570183 [1] NCCL INFO comm 0x45041780 rank 1 nranks 4 cudaDev 1 nvmlDev 5 busId a1000 commId 0x8c4293590bd521c7 - Init COMPLETE
1692:osilab6:3565061:3570181 [3] NCCL INFO comm 0x531fedb0 rank 3 nranks 4 cudaDev 3 nvmlDev 7 busId e1000 commId 0x8c4293590bd521c7 - Init COMPLETE
1693:osilab6:3565060:3570184 [2] NCCL INFO comm 0x71e1efe0 rank 2 nranks 4 cudaDev 2 nvmlDev 6 busId c1000 commId 0x8c4293590bd521c7 - Init COMPLETE
128478:Fatal Python error: Segmentation fault
128596:Traceback (most recent call last):
128611:  File "/home/seongyoon/anaconda3/envs/fs-llm/lib/python3.9/site-packages/torch/distributed/c10d_logger.py", line 47, in wrapper
128613:  File "/home/seongyoon/anaconda3/envs/fs-llm/lib/python3.9/site-packages/torch/distributed/distributed_c10d.py", line 3696, in barrier
128615:RuntimeError: ProcessGroupWrapper: Monitored Barrier encountered error running collective: CollectiveFingerPrint(SequenceNumber=135817OpType=BARRIER). Error: 
128670:[2025-08-31 10:22:33,637] torch.distributed.elastic.multiprocessing.api: [WARNING] Sending process 3565058 closing signal SIGTERM
128671:[2025-08-31 10:22:33,638] torch.distributed.elastic.multiprocessing.api: [WARNING] Sending process 3565060 closing signal SIGTERM
128672:[2025-08-31 10:22:33,639] torch.distributed.elastic.multiprocessing.api: [WARNING] Sending process 3565061 closing signal SIGTERM
128673:[2025-08-31 10:22:36,423] torch.distributed.elastic.multiprocessing.api: [ERROR] failed (exitcode: -11) local_rank: 1 (pid: 3565059) of binary: /home/seongyoon/anaconda3/envs/fs-llm/bin/python3.9
128674:Traceback (most recent call last):
128677:  File "/home/seongyoon/anaconda3/envs/fs-llm/lib/python3.9/site-packages/torch/distributed/elastic/multiprocessing/errors/__init__.py", line 346, in wrapper
128679:  File "/home/seongyoon/anaconda3/envs/fs-llm/lib/python3.9/site-packages/torch/distributed/run.py", line 806, in main
128681:  File "/home/seongyoon/anaconda3/envs/fs-llm/lib/python3.9/site-packages/torch/distributed/run.py", line 797, in run
128683:  File "/home/seongyoon/anaconda3/envs/fs-llm/lib/python3.9/site-packages/torch/distributed/launcher/api.py", line 134, in __call__
128685:  File "/home/seongyoon/anaconda3/envs/fs-llm/lib/python3.9/site-packages/torch/distributed/launcher/api.py", line 264, in launch_agent
128687:torch.distributed.elastic.multiprocessing.errors.ChildFailedError: 
128701:  traceback : Signal 11 (SIGSEGV) received by PID 3565059
